Archive member included to satisfy reference by file (symbol)

c:/program files (x86)/gnu tools arm embedded/5.3 2016q1/bin/../lib/gcc/arm-none-eabi/5.3.1/armv6-m\libgcc.a(_udivsi3.o)
                              ./Src/main.o (__aeabi_uidiv)
c:/program files (x86)/gnu tools arm embedded/5.3 2016q1/bin/../lib/gcc/arm-none-eabi/5.3.1/armv6-m\libgcc.a(_dvmd_tls.o)
                              c:/program files (x86)/gnu tools arm embedded/5.3 2016q1/bin/../lib/gcc/arm-none-eabi/5.3.1/armv6-m\libgcc.a(_udivsi3.o) (__aeabi_idiv0)
c:/program files (x86)/gnu tools arm embedded/5.3 2016q1/bin/../lib/gcc/arm-none-eabi/5.3.1/../../../../arm-none-eabi/lib/armv6-m\libg.a(lib_a-exit.o)
                              c:/program files (x86)/gnu tools arm embedded/5.3 2016q1/bin/../lib/gcc/arm-none-eabi/5.3.1/../../../../arm-none-eabi/lib/armv6-m/crt0.o (exit)
c:/program files (x86)/gnu tools arm embedded/5.3 2016q1/bin/../lib/gcc/arm-none-eabi/5.3.1/../../../../arm-none-eabi/lib/armv6-m\libg.a(lib_a-impure.o)
                              c:/program files (x86)/gnu tools arm embedded/5.3 2016q1/bin/../lib/gcc/arm-none-eabi/5.3.1/../../../../arm-none-eabi/lib/armv6-m\libg.a(lib_a-exit.o) (_global_impure_ptr)
c:/program files (x86)/gnu tools arm embedded/5.3 2016q1/bin/../lib/gcc/arm-none-eabi/5.3.1/../../../../arm-none-eabi/lib/armv6-m\libg.a(lib_a-init.o)
                              c:/program files (x86)/gnu tools arm embedded/5.3 2016q1/bin/../lib/gcc/arm-none-eabi/5.3.1/../../../../arm-none-eabi/lib/armv6-m/crt0.o (__libc_init_array)
c:/program files (x86)/gnu tools arm embedded/5.3 2016q1/bin/../lib/gcc/arm-none-eabi/5.3.1/../../../../arm-none-eabi/lib/armv6-m\libg.a(lib_a-memcpy-stub.o)
                              ./Drivers/STM32F0xx_HAL_Driver/Src/stm32f0xx_hal_rcc.o (memcpy)
c:/program files (x86)/gnu tools arm embedded/5.3 2016q1/bin/../lib/gcc/arm-none-eabi/5.3.1/../../../../arm-none-eabi/lib/armv6-m\libg.a(lib_a-memset.o)
                              c:/program files (x86)/gnu tools arm embedded/5.3 2016q1/bin/../lib/gcc/arm-none-eabi/5.3.1/../../../../arm-none-eabi/lib/armv6-m/crt0.o (memset)
c:/program files (x86)/gnu tools arm embedded/5.3 2016q1/bin/../lib/gcc/arm-none-eabi/5.3.1/../../../../arm-none-eabi/lib/armv6-m\libg.a(lib_a-__call_atexit.o)
                              c:/program files (x86)/gnu tools arm embedded/5.3 2016q1/bin/../lib/gcc/arm-none-eabi/5.3.1/../../../../arm-none-eabi/lib/armv6-m\libg.a(lib_a-exit.o) (__call_exitprocs)
c:/program files (x86)/gnu tools arm embedded/5.3 2016q1/bin/../lib/gcc/arm-none-eabi/5.3.1/../../../../arm-none-eabi/lib/armv6-m\libg.a(lib_a-atexit.o)
                              c:/program files (x86)/gnu tools arm embedded/5.3 2016q1/bin/../lib/gcc/arm-none-eabi/5.3.1/../../../../arm-none-eabi/lib/armv6-m\libg.a(lib_a-__call_atexit.o) (atexit)
c:/program files (x86)/gnu tools arm embedded/5.3 2016q1/bin/../lib/gcc/arm-none-eabi/5.3.1/../../../../arm-none-eabi/lib/armv6-m\libg.a(lib_a-fini.o)
                              c:/program files (x86)/gnu tools arm embedded/5.3 2016q1/bin/../lib/gcc/arm-none-eabi/5.3.1/../../../../arm-none-eabi/lib/armv6-m\libg.a(lib_a-__call_atexit.o) (__libc_fini_array)
c:/program files (x86)/gnu tools arm embedded/5.3 2016q1/bin/../lib/gcc/arm-none-eabi/5.3.1/../../../../arm-none-eabi/lib/armv6-m\libg.a(lib_a-__atexit.o)
                              c:/program files (x86)/gnu tools arm embedded/5.3 2016q1/bin/../lib/gcc/arm-none-eabi/5.3.1/../../../../arm-none-eabi/lib/armv6-m\libg.a(lib_a-atexit.o) (__register_exitproc)

Allocating common symbols
Common symbol       size              file

uwTick              0x4               ./Drivers/STM32F0xx_HAL_Driver/Src/stm32f0xx_hal.o
pFlash              0x20              ./Drivers/STM32F0xx_HAL_Driver/Src/stm32f0xx_hal_flash.o
huart1              0x70              ./Src/main.o
hspi1               0x64              ./Src/main.o

Discarded input sections

 .text          0x00000000        0x0 c:/program files (x86)/gnu tools arm embedded/5.3 2016q1/bin/../lib/gcc/arm-none-eabi/5.3.1/armv6-m/crti.o
 .data          0x00000000        0x0 c:/program files (x86)/gnu tools arm embedded/5.3 2016q1/bin/../lib/gcc/arm-none-eabi/5.3.1/armv6-m/crti.o
 .bss           0x00000000        0x0 c:/program files (x86)/gnu tools arm embedded/5.3 2016q1/bin/../lib/gcc/arm-none-eabi/5.3.1/armv6-m/crti.o
 .data          0x00000000        0x4 c:/program files (x86)/gnu tools arm embedded/5.3 2016q1/bin/../lib/gcc/arm-none-eabi/5.3.1/armv6-m/crtbegin.o
 .text          0x00000000       0x78 c:/program files (x86)/gnu tools arm embedded/5.3 2016q1/bin/../lib/gcc/arm-none-eabi/5.3.1/../../../../arm-none-eabi/lib/armv6-m/crt0.o
 .data          0x00000000        0x0 c:/program files (x86)/gnu tools arm embedded/5.3 2016q1/bin/../lib/gcc/arm-none-eabi/5.3.1/../../../../arm-none-eabi/lib/armv6-m/crt0.o
[...]
Memory Configuration

Name             Origin             Length             Attributes
FLASH            0x08000000         0x00010000         xr
RAM              0x20000000         0x00002000         xrw
*default*        0x00000000         0xffffffff

Linker script and memory map

LOAD c:/program files (x86)/gnu tools arm embedded/5.3 2016q1/bin/../lib/gcc/arm-none-eabi/5.3.1/armv6-m/crti.o
LOAD c:/program files (x86)/gnu tools arm embedded/5.3 2016q1/bin/../lib/gcc/arm-none-eabi/5.3.1/armv6-m/crtbegin.o
LOAD c:/program files (x86)/gnu tools arm embedded/5.3 2016q1/bin/../lib/gcc/arm-none-eabi/5.3.1/../../../../arm-none-eabi/lib/armv6-m/crt0.o
LOAD ./Src/main.o
LOAD ./Src/stm32f0xx_hal_msp.o
LOAD ./Src/stm32f0xx_it.o
LOAD ./Drivers/STM32F0xx_HAL_Driver/Src/stm32f0xx_hal.o
LOAD ./Drivers/STM32F0xx_HAL_Driver/Src/stm32f0xx_hal_cortex.o
LOAD ./Drivers/STM32F0xx_HAL_Driver/Src/stm32f0xx_hal_dma.o
LOAD ./Drivers/STM32F0xx_HAL_Driver/Src/stm32f0xx_hal_flash.o
LOAD ./Drivers/STM32F0xx_HAL_Driver/Src/stm32f0xx_hal_flash_ex.o
LOAD ./Drivers/STM32F0xx_HAL_Driver/Src/stm32f0xx_hal_gpio.o
LOAD ./Drivers/STM32F0xx_HAL_Driver/Src/stm32f0xx_hal_i2c.o
LOAD ./Drivers/STM32F0xx_HAL_Driver/Src/stm32f0xx_hal_i2c_ex.o
LOAD ./Drivers/STM32F0xx_HAL_Driver/Src/stm32f0xx_hal_pwr.o
LOAD ./Drivers/STM32F0xx_HAL_Driver/Src/stm32f0xx_hal_pwr_ex.o
LOAD ./Drivers/STM32F0xx_HAL_Driver/Src/stm32f0xx_hal_rcc.o
LOAD ./Drivers/STM32F0xx_HAL_Driver/Src/stm32f0xx_hal_rcc_ex.o
LOAD ./Drivers/STM32F0xx_HAL_Driver/Src/stm32f0xx_hal_spi.o
LOAD ./Drivers/STM32F0xx_HAL_Driver/Src/stm32f0xx_hal_spi_ex.o
LOAD ./Drivers/STM32F0xx_HAL_Driver/Src/stm32f0xx_hal_tim.o
LOAD ./Drivers/STM32F0xx_HAL_Driver/Src/stm32f0xx_hal_tim_ex.o
LOAD ./Drivers/STM32F0xx_HAL_Driver/Src/stm32f0xx_hal_uart.o
LOAD ./Drivers/STM32F0xx_HAL_Driver/Src/stm32f0xx_hal_uart_ex.o
LOAD ./Drivers/CMSIS/Device/ST/STM32F0xx/Source/Templates/gcc/startup_stm32f030x8.o
LOAD ./Drivers/CMSIS/Device/ST/STM32F0xx/Source/Templates/system_stm32f0xx.o
START GROUP
LOAD c:/program files (x86)/gnu tools arm embedded/5.3 2016q1/bin/../lib/gcc/arm-none-eabi/5.3.1/armv6-m\libgcc.a
LOAD c:/program files (x86)/gnu tools arm embedded/5.3 2016q1/bin/../lib/gcc/arm-none-eabi/5.3.1/../../../../arm-none-eabi/lib/armv6-m\libg.a
LOAD c:/program files (x86)/gnu tools arm embedded/5.3 2016q1/bin/../lib/gcc/arm-none-eabi/5.3.1/../../../../arm-none-eabi/lib/armv6-m\libc.a
END GROUP
LOAD c:/program files (x86)/gnu tools arm embedded/5.3 2016q1/bin/../lib/gcc/arm-none-eabi/5.3.1/armv6-m/crtend.o
LOAD c:/program files (x86)/gnu tools arm embedded/5.3 2016q1/bin/../lib/gcc/arm-none-eabi/5.3.1/armv6-m/crtn.o
                0x20002000                _estack = 0x20002000
                0x00000200                _Min_Heap_Size = 0x200
                0x00000400                _Min_Stack_Size = 0x400

.isr_vector     0x08000000       0xc0
                0x08000000                . = ALIGN (0x4)
 *(.isr_vector)
 .isr_vector    0x08000000       0xc0 ./Drivers/CMSIS/Device/ST/STM32F0xx/Source/Templates/gcc/startup_stm32f030x8.o
                0x08000000                g_pfnVectors
                0x080000c0                . = ALIGN (0x4)

.text           0x080000c0     0x39ec
                0x080000c0                . = ALIGN (0x4)
 *(.text)
 .text          0x080000c0       0x60 c:/program files (x86)/gnu tools arm embedded/5.3 2016q1/bin/../lib/gcc/arm-none-eabi/5.3.1/armv6-m/crtbegin.o
 .text          0x08000120      0x114 c:/program files (x86)/gnu tools arm embedded/5.3 2016q1/bin/../lib/gcc/arm-none-eabi/5.3.1/armv6-m\libgcc.a(_udivsi3.o)
                0x08000120                __aeabi_uidiv
                0x08000120                __udivsi3
                0x0800022c                __aeabi_uidivmod
 .text          0x08000234        0x4 c:/program files (x86)/gnu tools arm embedded/5.3 2016q1/bin/../lib/gcc/arm-none-eabi/5.3.1/armv6-m\libgcc.a(_dvmd_tls.o)
                0x08000234                __aeabi_idiv0
                0x08000234                __aeabi_ldiv0
 *(.text*)
 .text.main     0x08000238      0x654 ./Src/main.o
                0x08000238                main
 .text.SystemClock_Config
                0x0800088c       0xd0 ./Src/main.o
                0x0800088c                SystemClock_Config
 .text.MX_SPI1_Init
                0x0800095c       0x7c ./Src/main.o
 .text.MX_USART1_UART_Init
                0x080009d8       0x60 ./Src/main.o
 .text.MX_GPIO_Init
                0x08000a38      0x114 ./Src/main.o
 .text.Error_Handler
                0x08000b4c        0x8 ./Src/main.o
                0x08000b4c                Error_Handler
 .text.HAL_MspInit
                0x08000b54       0x54 ./Src/stm32f0xx_hal_msp.o
                0x08000b54                HAL_MspInit
 .text.HAL_SPI_MspInit
                0x08000ba8       0x78 ./Src/stm32f0xx_hal_msp.o
                0x08000ba8                HAL_SPI_MspInit
 .text.HAL_UART_MspInit
                0x08000c20       0x88 ./Src/stm32f0xx_hal_msp.o
                0x08000c20                HAL_UART_MspInit
 .text.NMI_Handler
                0x08000ca8        0xc ./Src/stm32f0xx_it.o
                0x08000ca8                NMI_Handler
 .text.HardFault_Handler
                0x08000cb4        0x8 ./Src/stm32f0xx_it.o
                0x08000cb4                HardFault_Handler
 .text.SVC_Handler
                0x08000cbc        0xc ./Src/stm32f0xx_it.o
                0x08000cbc                SVC_Handler
 .text.PendSV_Handler
                0x08000cc8        0xc ./Src/stm32f0xx_it.o
                0x08000cc8                PendSV_Handler
 .text.SysTick_Handler
                0x08000cd4       0x14 ./Src/stm32f0xx_it.o
                0x08000cd4                SysTick_Handler
 .text.USART1_IRQHandler
                0x08000ce8       0x18 ./Src/stm32f0xx_it.o
                0x08000ce8                USART1_IRQHandler
 .text.HAL_Init
                0x08000d00       0x28 ./Drivers/STM32F0xx_HAL_Driver/Src/stm32f0xx_hal.o
                0x08000d00                HAL_Init
 .text.HAL_InitTick
                0x08000d28       0x38 ./Drivers/STM32F0xx_HAL_Driver/Src/stm32f0xx_hal.o
                0x08000d28                HAL_InitTick
 .text.HAL_IncTick
                0x08000d60       0x18 ./Drivers/STM32F0xx_HAL_Driver/Src/stm32f0xx_hal.o
                0x08000d60                HAL_IncTick
 .text.HAL_GetTick
                0x08000d78       0x14 ./Drivers/STM32F0xx_HAL_Driver/Src/stm32f0xx_hal.o
                0x08000d78                HAL_GetTick
 .text.HAL_Delay
                0x08000d8c       0x30 ./Drivers/STM32F0xx_HAL_Driver/Src/stm32f0xx_hal.o
                0x08000d8c                HAL_Delay
 .text.NVIC_EnableIRQ
                0x08000dbc       0x2c ./Drivers/STM32F0xx_HAL_Driver/Src/stm32f0xx_hal_cortex.o
 .text.NVIC_SetPriority
                0x08000de8       0xdc ./Drivers/STM32F0xx_HAL_Driver/Src/stm32f0xx_hal_cortex.o
 .text.SysTick_Config
                0x08000ec4       0x48 ./Drivers/STM32F0xx_HAL_Driver/Src/stm32f0xx_hal_cortex.o
 .text.HAL_NVIC_SetPriority
                0x08000f0c       0x2c ./Drivers/STM32F0xx_HAL_Driver/Src/stm32f0xx_hal_cortex.o
                0x08000f0c                HAL_NVIC_SetPriority
 .text.HAL_NVIC_EnableIRQ
                0x08000f38       0x20 ./Drivers/STM32F0xx_HAL_Driver/Src/stm32f0xx_hal_cortex.o
                0x08000f38                HAL_NVIC_EnableIRQ
 .text.HAL_SYSTICK_Config
                0x08000f58       0x1c ./Drivers/STM32F0xx_HAL_Driver/Src/stm32f0xx_hal_cortex.o
                0x08000f58                HAL_SYSTICK_Config
 .text.HAL_SYSTICK_CLKSourceConfig
                0x08000f74       0x34 ./Drivers/STM32F0xx_HAL_Driver/Src/stm32f0xx_hal_cortex.o
                0x08000f74                HAL_SYSTICK_CLKSourceConfig
 .text.HAL_SYSTICK_IRQHandler
                0x08000fa8       0x10 ./Drivers/STM32F0xx_HAL_Driver/Src/stm32f0xx_hal_cortex.o
                0x08000fa8                HAL_SYSTICK_IRQHandler
 .text.HAL_SYSTICK_Callback
                0x08000fb8        0xc ./Drivers/STM32F0xx_HAL_Driver/Src/stm32f0xx_hal_cortex.o
                0x08000fb8                HAL_SYSTICK_Callback
 .text.HAL_GPIO_Init
                0x08000fc4      0x2e8 ./Drivers/STM32F0xx_HAL_Driver/Src/stm32f0xx_hal_gpio.o
                0x08000fc4                HAL_GPIO_Init
 .text.HAL_GPIO_WritePin
                0x080012ac       0x3c ./Drivers/STM32F0xx_HAL_Driver/Src/stm32f0xx_hal_gpio.o
                0x080012ac                HAL_GPIO_WritePin
 .text.HAL_RCC_OscConfig
                0x080012e8      0x5e4 ./Drivers/STM32F0xx_HAL_Driver/Src/stm32f0xx_hal_rcc.o
                0x080012e8                HAL_RCC_OscConfig
 .text.HAL_RCC_ClockConfig
                0x080018cc      0x1cc ./Drivers/STM32F0xx_HAL_Driver/Src/stm32f0xx_hal_rcc.o
                0x080018cc                HAL_RCC_ClockConfig
 .text.HAL_RCC_GetSysClockFreq
                0x08001a98       0xc8 ./Drivers/STM32F0xx_HAL_Driver/Src/stm32f0xx_hal_rcc.o
                0x08001a98                HAL_RCC_GetSysClockFreq
 .text.HAL_RCC_GetHCLKFreq
                0x08001b60       0x14 ./Drivers/STM32F0xx_HAL_Driver/Src/stm32f0xx_hal_rcc.o
                0x08001b60                HAL_RCC_GetHCLKFreq
 .text.HAL_RCC_GetPCLK1Freq
                0x08001b74       0x2c ./Drivers/STM32F0xx_HAL_Driver/Src/stm32f0xx_hal_rcc.o
                0x08001b74                HAL_RCC_GetPCLK1Freq
 .text.HAL_RCCEx_PeriphCLKConfig
                0x08001ba0      0x19c ./Drivers/STM32F0xx_HAL_Driver/Src/stm32f0xx_hal_rcc_ex.o
                0x08001ba0                HAL_RCCEx_PeriphCLKConfig
 .text.HAL_SPI_Init
                0x08001d3c      0x150 ./Drivers/STM32F0xx_HAL_Driver/Src/stm32f0xx_hal_spi.o
                0x08001d3c                HAL_SPI_Init
 .text.HAL_SPI_Transmit
                0x08001e8c      0x28c ./Drivers/STM32F0xx_HAL_Driver/Src/stm32f0xx_hal_spi.o
                0x08001e8c                HAL_SPI_Transmit
 .text.HAL_SPI_Receive
                0x08002118      0x3d8 ./Drivers/STM32F0xx_HAL_Driver/Src/stm32f0xx_hal_spi.o
                0x08002118                HAL_SPI_Receive
 .text.HAL_SPI_TransmitReceive
                0x080024f0      0x500 ./Drivers/STM32F0xx_HAL_Driver/Src/stm32f0xx_hal_spi.o
                0x080024f0                HAL_SPI_TransmitReceive
 .text.SPI_WaitFlagStateUntilTimeout
                0x080029f0       0xd8 ./Drivers/STM32F0xx_HAL_Driver/Src/stm32f0xx_hal_spi.o
 .text.SPI_WaitFifoStateUntilTimeout
                0x08002ac8      0x100 ./Drivers/STM32F0xx_HAL_Driver/Src/stm32f0xx_hal_spi.o
 .text.SPI_EndRxTransaction
                0x08002bc8       0xb0 ./Drivers/STM32F0xx_HAL_Driver/Src/stm32f0xx_hal_spi.o
 .text.SPI_EndRxTxTransaction
                0x08002c78       0x58 ./Drivers/STM32F0xx_HAL_Driver/Src/stm32f0xx_hal_spi.o
 .text.HAL_UART_Init
                0x08002cd0       0xb0 ./Drivers/STM32F0xx_HAL_Driver/Src/stm32f0xx_hal_uart.o
                0x08002cd0                HAL_UART_Init
 .text.HAL_UART_Transmit
                0x08002d80      0x12c ./Drivers/STM32F0xx_HAL_Driver/Src/stm32f0xx_hal_uart.o
                0x08002d80                HAL_UART_Transmit
 .text.HAL_UART_IRQHandler
                0x08002eac      0x144 ./Drivers/STM32F0xx_HAL_Driver/Src/stm32f0xx_hal_uart.o
                0x08002eac                HAL_UART_IRQHandler
 .text.HAL_UART_TxCpltCallback
                0x08002ff0       0x10 ./Drivers/STM32F0xx_HAL_Driver/Src/stm32f0xx_hal_uart.o
                0x08002ff0                HAL_UART_TxCpltCallback
 .text.HAL_UART_RxCpltCallback
                0x08003000       0x10 ./Drivers/STM32F0xx_HAL_Driver/Src/stm32f0xx_hal_uart.o
                0x08003000                HAL_UART_RxCpltCallback
 .text.HAL_UART_ErrorCallback
                0x08003010       0x10 ./Drivers/STM32F0xx_HAL_Driver/Src/stm32f0xx_hal_uart.o
                0x08003010                HAL_UART_ErrorCallback
 .text.UART_SetConfig
                0x08003020      0x2f8 ./Drivers/STM32F0xx_HAL_Driver/Src/stm32f0xx_hal_uart.o
                0x08003020                UART_SetConfig
 .text.UART_AdvFeatureConfig
                0x08003318      0x158 ./Drivers/STM32F0xx_HAL_Driver/Src/stm32f0xx_hal_uart.o
                0x08003318                UART_AdvFeatureConfig
 .text.UART_CheckIdleState
                0x08003470       0x30 ./Drivers/STM32F0xx_HAL_Driver/Src/stm32f0xx_hal_uart.o
                0x08003470                UART_CheckIdleState
 .text.UART_WaitOnFlagUntilTimeout
                0x080034a0      0x144 ./Drivers/STM32F0xx_HAL_Driver/Src/stm32f0xx_hal_uart.o
                0x080034a0                UART_WaitOnFlagUntilTimeout
 .text.UART_Transmit_IT
                0x080035e4       0xac ./Drivers/STM32F0xx_HAL_Driver/Src/stm32f0xx_hal_uart.o
                0x080035e4                UART_Transmit_IT
 .text.UART_EndTransmit_IT
                0x08003690       0x34 ./Drivers/STM32F0xx_HAL_Driver/Src/stm32f0xx_hal_uart.o
                0x08003690                UART_EndTransmit_IT
 .text.UART_Receive_IT
                0x080036c4      0x100 ./Drivers/STM32F0xx_HAL_Driver/Src/stm32f0xx_hal_uart.o
                0x080036c4                UART_Receive_IT
 .text.Reset_Handler
                0x080037c4       0x50 ./Drivers/CMSIS/Device/ST/STM32F0xx/Source/Templates/gcc/startup_stm32f030x8.o
                0x080037c4                Reset_Handler
 .text.Default_Handler
                0x08003814        0x2 ./Drivers/CMSIS/Device/ST/STM32F0xx/Source/Templates/gcc/startup_stm32f030x8.o
                0x08003814                TIM1_CC_IRQHandler
                0x08003814                TIM6_IRQHandler
                0x08003814                I2C1_IRQHandler
                0x08003814                SPI1_IRQHandler
                0x08003814                EXTI2_3_IRQHandler
                0x08003814                ADC1_IRQHandler
                0x08003814                I2C2_IRQHandler
                0x08003814                TIM17_IRQHandler
                0x08003814                RTC_IRQHandler
                0x08003814                TIM16_IRQHandler
                0x08003814                TIM3_IRQHandler
                0x08003814                EXTI4_15_IRQHandler
                0x08003814                RCC_IRQHandler
                0x08003814                DMA1_Channel1_IRQHandler
                0x08003814                Default_Handler
                0x08003814                TIM14_IRQHandler
                0x08003814                DMA1_Channel4_5_IRQHandler
                0x08003814                TIM15_IRQHandler
                0x08003814                EXTI0_1_IRQHandler
                0x08003814                SPI2_IRQHandler
                0x08003814                WWDG_IRQHandler
                0x08003814                DMA1_Channel2_3_IRQHandler
                0x08003814                USART2_IRQHandler
                0x08003814                FLASH_IRQHandler
                0x08003814                TIM1_BRK_UP_TRG_COM_IRQHandler
 *fill*         0x08003816        0x2 
 .text.SystemInit
                0x08003818       0x88 ./Drivers/CMSIS/Device/ST/STM32F0xx/Source/Templates/system_stm32f0xx.o
                0x08003818                SystemInit
 .text.__libc_init_array
                0x080038a0       0x48 c:/program files (x86)/gnu tools arm embedded/5.3 2016q1/bin/../lib/gcc/arm-none-eabi/5.3.1/../../../../arm-none-eabi/lib/armv6-m\libg.a(lib_a-init.o)
                0x080038a0                __libc_init_array
 .text.memcpy   0x080038e8       0x7c c:/program files (x86)/gnu tools arm embedded/5.3 2016q1/bin/../lib/gcc/arm-none-eabi/5.3.1/../../../../arm-none-eabi/lib/armv6-m\libg.a(lib_a-memcpy-stub.o)
                0x080038e8                memcpy
 .text.startup.register_fini
                0x08003964       0x18 c:/program files (x86)/gnu tools arm embedded/5.3 2016q1/bin/../lib/gcc/arm-none-eabi/5.3.1/../../../../arm-none-eabi/lib/armv6-m\libg.a(lib_a-__call_atexit.o)
 .text.atexit   0x0800397c       0x10 c:/program files (x86)/gnu tools arm embedded/5.3 2016q1/bin/../lib/gcc/arm-none-eabi/5.3.1/../../../../arm-none-eabi/lib/armv6-m\libg.a(lib_a-atexit.o)
                0x0800397c                atexit
 .text.__libc_fini_array
                0x0800398c       0x34 c:/program files (x86)/gnu tools arm embedded/5.3 2016q1/bin/../lib/gcc/arm-none-eabi/5.3.1/../../../../arm-none-eabi/lib/armv6-m\libg.a(lib_a-fini.o)
                0x0800398c                __libc_fini_array
 .text.__register_exitproc
                0x080039c0       0xd4 c:/program files (x86)/gnu tools arm embedded/5.3 2016q1/bin/../lib/gcc/arm-none-eabi/5.3.1/../../../../arm-none-eabi/lib/armv6-m\libg.a(lib_a-__atexit.o)
                0x080039c0                __register_exitproc
 *(.glue_7)
 .glue_7        0x08003a94        0x0 linker stubs
 *(.glue_7t)
 .glue_7t       0x08003a94        0x0 linker stubs
 *(.eh_frame)
 .eh_frame      0x08003a94        0x0 c:/program files (x86)/gnu tools arm embedded/5.3 2016q1/bin/../lib/gcc/arm-none-eabi/5.3.1/armv6-m/crtbegin.o
 *(.init)
 .init          0x08003a94        0x4 c:/program files (x86)/gnu tools arm embedded/5.3 2016q1/bin/../lib/gcc/arm-none-eabi/5.3.1/armv6-m/crti.o
                0x08003a94                _init
 .init          0x08003a98        0x8 c:/program files (x86)/gnu tools arm embedded/5.3 2016q1/bin/../lib/gcc/arm-none-eabi/5.3.1/armv6-m/crtn.o
 *(.fini)
 .fini          0x08003aa0        0x4 c:/program files (x86)/gnu tools arm embedded/5.3 2016q1/bin/../lib/gcc/arm-none-eabi/5.3.1/armv6-m/crti.o
                0x08003aa0                _fini
 .fini          0x08003aa4        0x8 c:/program files (x86)/gnu tools arm embedded/5.3 2016q1/bin/../lib/gcc/arm-none-eabi/5.3.1/armv6-m/crtn.o
                0x08003aac                . = ALIGN (0x4)
                0x08003aac                _etext = .

.vfp11_veneer   0x08003aac        0x0
 .vfp11_veneer  0x08003aac        0x0 linker stubs

.v4_bx          0x08003aac        0x0
 .v4_bx         0x08003aac        0x0 linker stubs

.iplt           0x08003aac        0x0
 .iplt          0x08003aac        0x0 c:/program files (x86)/gnu tools arm embedded/5.3 2016q1/bin/../lib/gcc/arm-none-eabi/5.3.1/armv6-m/crtbegin.o

.rodata         0x08003aac       0x40
                0x08003aac                . = ALIGN (0x4)
 *(.rodata)
 .rodata        0x08003aac       0x20 ./Drivers/STM32F0xx_HAL_Driver/Src/stm32f0xx_hal_rcc.o
 *(.rodata*)
 .rodata.AHBPrescTable
                0x08003acc       0x10 ./Drivers/CMSIS/Device/ST/STM32F0xx/Source/Templates/system_stm32f0xx.o
                0x08003acc                AHBPrescTable
 .rodata.APBPrescTable
                0x08003adc        0x8 ./Drivers/CMSIS/Device/ST/STM32F0xx/Source/Templates/system_stm32f0xx.o
                0x08003adc                APBPrescTable
 .rodata.str1.4
                0x08003ae4        0x4 c:/program files (x86)/gnu tools arm embedded/5.3 2016q1/bin/../lib/gcc/arm-none-eabi/5.3.1/../../../../arm-none-eabi/lib/armv6-m\libg.a(lib_a-impure.o)
                                  0x2 (size before relaxing)
 .rodata._global_impure_ptr
                0x08003ae8        0x4 c:/program files (x86)/gnu tools arm embedded/5.3 2016q1/bin/../lib/gcc/arm-none-eabi/5.3.1/../../../../arm-none-eabi/lib/armv6-m\libg.a(lib_a-impure.o)
                0x08003ae8                _global_impure_ptr
                0x08003aec                . = ALIGN (0x4)

.rel.dyn        0x08003aec        0x0
 .rel.iplt      0x08003aec        0x0 c:/program files (x86)/gnu tools arm embedded/5.3 2016q1/bin/../lib/gcc/arm-none-eabi/5.3.1/armv6-m/crtbegin.o

.ARM.extab
 *(.ARM.extab* .gnu.linkonce.armextab.*)

.ARM            0x08003aec        0x0
                0x08003aec                __exidx_start = .
 *(.ARM.exidx*)
                0x08003aec                __exidx_end = .

.preinit_array  0x08003aec        0x0
                0x08003aec                PROVIDE (__preinit_array_start, .)
 *(.preinit_array*)
                0x08003aec                PROVIDE (__preinit_array_end, .)

.init_array     0x08003aec        0x8
                0x08003aec                PROVIDE (__init_array_start, .)
 *(SORT(.init_array.*))
 .init_array.00000
                0x08003aec        0x4 c:/program files (x86)/gnu tools arm embedded/5.3 2016q1/bin/../lib/gcc/arm-none-eabi/5.3.1/../../../../arm-none-eabi/lib/armv6-m\libg.a(lib_a-__call_atexit.o)
 *(.init_array*)
 .init_array    0x08003af0        0x4 c:/program files (x86)/gnu tools arm embedded/5.3 2016q1/bin/../lib/gcc/arm-none-eabi/5.3.1/armv6-m/crtbegin.o
                0x08003af4                PROVIDE (__init_array_end, .)

.fini_array     0x08003af4        0x4
                0x08003af4                PROVIDE (__fini_array_start, .)
 *(SORT(.fini_array.*))
 *(.fini_array*)
 .fini_array    0x08003af4        0x4 c:/program files (x86)/gnu tools arm embedded/5.3 2016q1/bin/../lib/gcc/arm-none-eabi/5.3.1/armv6-m/crtbegin.o
                0x08003af8                PROVIDE (__fini_array_end, .)
                0x08003af8                _sidata = LOADADDR (.data)

.data           0x20000000      0x430 load address 0x08003af8
                0x20000000                . = ALIGN (0x4)
                0x20000000                _sdata = .
 *(.data)
 *(.data*)
 .data.SystemCoreClock
                0x20000000        0x4 ./Drivers/CMSIS/Device/ST/STM32F0xx/Source/Templates/system_stm32f0xx.o
                0x20000000                SystemCoreClock
 *fill*         0x20000004        0x4 
 .data.impure_data
                0x20000008      0x428 c:/program files (x86)/gnu tools arm embedded/5.3 2016q1/bin/../lib/gcc/arm-none-eabi/5.3.1/../../../../arm-none-eabi/lib/armv6-m\libg.a(lib_a-impure.o)
                0x20000430                . = ALIGN (0x4)
                0x20000430                _edata = .

.jcr            0x20000430        0x0 load address 0x08003f28
 .jcr           0x20000430        0x0 c:/program files (x86)/gnu tools arm embedded/5.3 2016q1/bin/../lib/gcc/arm-none-eabi/5.3.1/armv6-m/crtbegin.o

.igot.plt       0x20000430        0x0 load address 0x08003f28
 .igot.plt      0x20000430        0x0 c:/program files (x86)/gnu tools arm embedded/5.3 2016q1/bin/../lib/gcc/arm-none-eabi/5.3.1/armv6-m/crtbegin.o
                0x20000430                . = ALIGN (0x4)

.bss            0x20000430       0xf4 load address 0x08003f28
                0x20000430                _sbss = .
                0x20000430                __bss_start__ = _sbss
 *(.bss)
 .bss           0x20000430       0x1c c:/program files (x86)/gnu tools arm embedded/5.3 2016q1/bin/../lib/gcc/arm-none-eabi/5.3.1/armv6-m/crtbegin.o
 *(.bss*)
 *(COMMON)
 COMMON         0x2000044c       0xd4 ./Src/main.o
                0x2000044c                huart1
                0x200004bc                hspi1
 COMMON         0x20000520        0x4 ./Drivers/STM32F0xx_HAL_Driver/Src/stm32f0xx_hal.o
                0x20000520                uwTick
                0x20000524                . = ALIGN (0x4)
                0x20000524                _ebss = .
                0x20000524                __bss_end__ = _ebss

._user_heap_stack
                0x20000524      0x604 load address 0x08003f28
                0x20000528                . = ALIGN (0x8)
 *fill*         0x20000524        0x4 
                [!provide]                PROVIDE (end, .)
                [!provide]                PROVIDE (_end, .)
                0x20000728                . = (. + _Min_Heap_Size)
 *fill*         0x20000528      0x200 
                0x20000b28                . = (. + _Min_Stack_Size)
 *fill*         0x20000728      0x400 
                0x20000b28                . = ALIGN (0x8)

/DISCARD/
 libc.a(*)
 libm.a(*)
 libgcc.a(*)

.ARM.attributes
                0x00000000       0x28
 *(.ARM.attributes)
 .ARM.attributes
                0x00000000       0x1e c:/program files (x86)/gnu tools arm embedded/5.3 2016q1/bin/../lib/gcc/arm-none-eabi/5.3.1/armv6-m/crti.o
 .ARM.attributes
                0x0000001e       0x2c c:/program files (x86)/gnu tools arm embedded/5.3 2016q1/bin/../lib/gcc/arm-none-eabi/5.3.1/armv6-m/crtbegin.o
 .ARM.attributes
                0x0000004a       0x31 ./Src/main.o
 .ARM.attributes
                0x0000007b       0x31 ./Src/stm32f0xx_hal_msp.o
 .ARM.attributes
                0x000000ac       0x31 ./Src/stm32f0xx_it.o
 .ARM.attributes
                0x000000dd       0x31 ./Drivers/STM32F0xx_HAL_Driver/Src/stm32f0xx_hal.o
 .ARM.attributes
                0x0000010e       0x31 ./Drivers/STM32F0xx_HAL_Driver/Src/stm32f0xx_hal_cortex.o
 .ARM.attributes
                0x0000013f       0x31 ./Drivers/STM32F0xx_HAL_Driver/Src/stm32f0xx_hal_gpio.o
 .ARM.attributes
                0x00000170       0x31 ./Drivers/STM32F0xx_HAL_Driver/Src/stm32f0xx_hal_rcc.o
 .ARM.attributes
                0x000001a1       0x31 ./Drivers/STM32F0xx_HAL_Driver/Src/stm32f0xx_hal_rcc_ex.o
 .ARM.attributes
                0x000001d2       0x31 ./Drivers/STM32F0xx_HAL_Driver/Src/stm32f0xx_hal_spi.o
 .ARM.attributes
                0x00000203       0x31 ./Drivers/STM32F0xx_HAL_Driver/Src/stm32f0xx_hal_uart.o
 .ARM.attributes
                0x00000234       0x21 ./Drivers/CMSIS/Device/ST/STM32F0xx/Source/Templates/gcc/startup_stm32f030x8.o
 .ARM.attributes
                0x00000255       0x31 ./Drivers/CMSIS/Device/ST/STM32F0xx/Source/Templates/system_stm32f0xx.o
 .ARM.attributes
                0x00000286       0x1e c:/program files (x86)/gnu tools arm embedded/5.3 2016q1/bin/../lib/gcc/arm-none-eabi/5.3.1/armv6-m\libgcc.a(_udivsi3.o)
 .ARM.attributes
                0x000002a4       0x1e c:/program files (x86)/gnu tools arm embedded/5.3 2016q1/bin/../lib/gcc/arm-none-eabi/5.3.1/armv6-m\libgcc.a(_dvmd_tls.o)
 .ARM.attributes
                0x000002c2       0x2c c:/program files (x86)/gnu tools arm embedded/5.3 2016q1/bin/../lib/gcc/arm-none-eabi/5.3.1/../../../../arm-none-eabi/lib/armv6-m\libg.a(lib_a-impure.o)
 .ARM.attributes
                0x000002ee       0x2c c:/program files (x86)/gnu tools arm embedded/5.3 2016q1/bin/../lib/gcc/arm-none-eabi/5.3.1/../../../../arm-none-eabi/lib/armv6-m\libg.a(lib_a-init.o)
 .ARM.attributes
                0x0000031a       0x2c c:/program files (x86)/gnu tools arm embedded/5.3 2016q1/bin/../lib/gcc/arm-none-eabi/5.3.1/../../../../arm-none-eabi/lib/armv6-m\libg.a(lib_a-memcpy-stub.o)
 .ARM.attributes
                0x00000346       0x2c c:/program files (x86)/gnu tools arm embedded/5.3 2016q1/bin/../lib/gcc/arm-none-eabi/5.3.1/../../../../arm-none-eabi/lib/armv6-m\libg.a(lib_a-__call_atexit.o)
 .ARM.attributes
                0x00000372       0x2c c:/program files (x86)/gnu tools arm embedded/5.3 2016q1/bin/../lib/gcc/arm-none-eabi/5.3.1/../../../../arm-none-eabi/lib/armv6-m\libg.a(lib_a-atexit.o)
 .ARM.attributes
                0x0000039e       0x2c c:/program files (x86)/gnu tools arm embedded/5.3 2016q1/bin/../lib/gcc/arm-none-eabi/5.3.1/../../../../arm-none-eabi/lib/armv6-m\libg.a(lib_a-fini.o)
 .ARM.attributes
                0x000003ca       0x2c c:/program files (x86)/gnu tools arm embedded/5.3 2016q1/bin/../lib/gcc/arm-none-eabi/5.3.1/../../../../arm-none-eabi/lib/armv6-m\libg.a(lib_a-__atexit.o)
 .ARM.attributes
                0x000003f6       0x1e c:/program files (x86)/gnu tools arm embedded/5.3 2016q1/bin/../lib/gcc/arm-none-eabi/5.3.1/armv6-m/crtn.o
OUTPUT(MetalDetector.elf elf32-littlearm)

.debug_info     0x00000000     0x606d
 .debug_info    0x00000000      0xd9e ./Src/main.o
 .debug_info    0x00000d9e      0xb86 ./Src/stm32f0xx_hal_msp.o
 .debug_info    0x00001924      0x5f5 ./Src/stm32f0xx_it.o
 .debug_info    0x00001f19      0x4fb ./Drivers/STM32F0xx_HAL_Driver/Src/stm32f0xx_hal.o
 .debug_info    0x00002414      0x6b5 ./Drivers/STM32F0xx_HAL_Driver/Src/stm32f0xx_hal_cortex.o
 .debug_info    0x00002ac9      0x5d8 ./Drivers/STM32F0xx_HAL_Driver/Src/stm32f0xx_hal_gpio.o
 .debug_info    0x000030a1      0x792 ./Drivers/STM32F0xx_HAL_Driver/Src/stm32f0xx_hal_rcc.o
 .debug_info    0x00003833      0x332 ./Drivers/STM32F0xx_HAL_Driver/Src/stm32f0xx_hal_rcc_ex.o
 .debug_info    0x00003b65     0x1262 ./Drivers/STM32F0xx_HAL_Driver/Src/stm32f0xx_hal_spi.o
 .debug_info    0x00004dc7      0xf93 ./Drivers/STM32F0xx_HAL_Driver/Src/stm32f0xx_hal_uart.o
 .debug_info    0x00005d5a       0xcc ./Drivers/CMSIS/Device/ST/STM32F0xx/Source/Templates/gcc/startup_stm32f030x8.o
 .debug_info    0x00005e26      0x247 ./Drivers/CMSIS/Device/ST/STM32F0xx/Source/Templates/system_stm32f0xx.o

.debug_abbrev   0x00000000     0x11f3
 .debug_abbrev  0x00000000      0x1d2 ./Src/main.o
 .debug_abbrev  0x000001d2      0x15f ./Src/stm32f0xx_hal_msp.o
 .debug_abbrev  0x00000331      0x12c ./Src/stm32f0xx_it.o
 .debug_abbrev  0x0000045d      0x1a4 ./Drivers/STM32F0xx_HAL_Driver/Src/stm32f0xx_hal.o
 .debug_abbrev  0x00000601      0x234 ./Drivers/STM32F0xx_HAL_Driver/Src/stm32f0xx_hal_cortex.o
 .debug_abbrev  0x00000835      0x1b6 ./Drivers/STM32F0xx_HAL_Driver/Src/stm32f0xx_hal_gpio.o
 .debug_abbrev  0x000009eb      0x1eb ./Drivers/STM32F0xx_HAL_Driver/Src/stm32f0xx_hal_rcc.o
 .debug_abbrev  0x00000bd6      0x138 ./Drivers/STM32F0xx_HAL_Driver/Src/stm32f0xx_hal_rcc_ex.o
 .debug_abbrev  0x00000d0e      0x221 ./Drivers/STM32F0xx_HAL_Driver/Src/stm32f0xx_hal_spi.o
 .debug_abbrev  0x00000f2f      0x1bf ./Drivers/STM32F0xx_HAL_Driver/Src/stm32f0xx_hal_uart.o
 .debug_abbrev  0x000010ee       0x12 ./Drivers/CMSIS/Device/ST/STM32F0xx/Source/Templates/gcc/startup_stm32f030x8.o
 .debug_abbrev  0x00001100       0xf3 ./Drivers/CMSIS/Device/ST/STM32F0xx/Source/Templates/system_stm32f0xx.o

.debug_aranges  0x00000000      0x698
 .debug_aranges
                0x00000000       0x48 ./Src/main.o
 .debug_aranges
                0x00000048       0x40 ./Src/stm32f0xx_hal_msp.o
 .debug_aranges
                0x00000088       0x48 ./Src/stm32f0xx_it.o
 .debug_aranges
                0x000000d0       0xa0 ./Drivers/STM32F0xx_HAL_Driver/Src/stm32f0xx_hal.o
 .debug_aranges
                0x00000170       0xc0 ./Drivers/STM32F0xx_HAL_Driver/Src/stm32f0xx_hal_cortex.o
 .debug_aranges
                0x00000230       0x58 ./Drivers/STM32F0xx_HAL_Driver/Src/stm32f0xx_hal_gpio.o
 .debug_aranges
                0x00000288       0x80 ./Drivers/STM32F0xx_HAL_Driver/Src/stm32f0xx_hal_rcc.o
 .debug_aranges
                0x00000308       0x30 ./Drivers/STM32F0xx_HAL_Driver/Src/stm32f0xx_hal_rcc_ex.o
 .debug_aranges
                0x00000338      0x1b8 ./Drivers/STM32F0xx_HAL_Driver/Src/stm32f0xx_hal_spi.o
 .debug_aranges
                0x000004f0      0x158 ./Drivers/STM32F0xx_HAL_Driver/Src/stm32f0xx_hal_uart.o
 .debug_aranges
                0x00000648       0x28 ./Drivers/CMSIS/Device/ST/STM32F0xx/Source/Templates/gcc/startup_stm32f030x8.o
 .debug_aranges
                0x00000670       0x28 ./Drivers/CMSIS/Device/ST/STM32F0xx/Source/Templates/system_stm32f0xx.o

.debug_ranges   0x00000000      0x5e0
 .debug_ranges  0x00000000       0x38 ./Src/main.o
 .debug_ranges  0x00000038       0x30 ./Src/stm32f0xx_hal_msp.o
 .debug_ranges  0x00000068       0x38 ./Src/stm32f0xx_it.o
 .debug_ranges  0x000000a0       0x90 ./Drivers/STM32F0xx_HAL_Driver/Src/stm32f0xx_hal.o
 .debug_ranges  0x00000130       0xb0 ./Drivers/STM32F0xx_HAL_Driver/Src/stm32f0xx_hal_cortex.o
 .debug_ranges  0x000001e0       0x48 ./Drivers/STM32F0xx_HAL_Driver/Src/stm32f0xx_hal_gpio.o
 .debug_ranges  0x00000228       0x70 ./Drivers/STM32F0xx_HAL_Driver/Src/stm32f0xx_hal_rcc.o
 .debug_ranges  0x00000298       0x20 ./Drivers/STM32F0xx_HAL_Driver/Src/stm32f0xx_hal_rcc_ex.o
 .debug_ranges  0x000002b8      0x1a8 ./Drivers/STM32F0xx_HAL_Driver/Src/stm32f0xx_hal_spi.o
 .debug_ranges  0x00000460      0x148 ./Drivers/STM32F0xx_HAL_Driver/Src/stm32f0xx_hal_uart.o
 .debug_ranges  0x000005a8       0x20 ./Drivers/CMSIS/Device/ST/STM32F0xx/Source/Templates/gcc/startup_stm32f030x8.o
 .debug_ranges  0x000005c8       0x18 ./Drivers/CMSIS/Device/ST/STM32F0xx/Source/Templates/system_stm32f0xx.o

.debug_macro    0x00000000     0xfbad
 .debug_macro   0x00000000      0x2e8 ./Src/main.o
 .debug_macro   0x000002e8      0x820 ./Src/main.o
 .debug_macro   0x00000b08       0xa4 ./Src/main.o
 .debug_macro   0x00000bac       0x2e ./Src/main.o
 .debug_macro   0x00000bda       0x22 ./Src/main.o
 .debug_macro   0x00000bfc       0x22 ./Src/main.o
 .debug_macro   0x00000c1e       0x87 ./Src/main.o
 .debug_macro   0x00000ca5       0x44 ./Src/main.o
 .debug_macro   0x00000ce9       0xfd ./Src/main.o
 .debug_macro   0x00000de6       0x22 ./Src/main.o
 .debug_macro   0x00000e08      0x1df ./Src/main.o
 .debug_macro   0x00000fe7       0x34 ./Src/main.o
 .debug_macro   0x0000101b       0x26 ./Src/main.o
 .debug_macro   0x00001041      0x30d ./Src/main.o
 .debug_macro   0x0000134e     0x6e3d ./Src/main.o
 .debug_macro   0x0000818b       0x3c ./Src/main.o
 .debug_macro   0x000081c7     0x3398 ./Src/main.o
 .debug_macro   0x0000b55f       0x52 ./Src/main.o
 .debug_macro   0x0000b5b1       0x35 ./Src/main.o
 .debug_macro   0x0000b5e6       0x9c ./Src/main.o
 .debug_macro   0x0000b682       0x16 ./Src/main.o
 .debug_macro   0x0000b698       0x97 ./Src/main.o
 .debug_macro   0x0000b72f      0x30d ./Src/main.o
 .debug_macro   0x0000ba3c       0xfd ./Src/main.o
 .debug_macro   0x0000bb39       0x10 ./Src/main.o
 .debug_macro   0x0000bb49       0x52 ./Src/main.o
 .debug_macro   0x0000bb9b       0x16 ./Src/main.o
 .debug_macro   0x0000bbb1       0x43 ./Src/main.o
 .debug_macro   0x0000bbf4      0x187 ./Src/main.o
 .debug_macro   0x0000bd7b       0x22 ./Src/main.o
 .debug_macro   0x0000bd9d       0x3a ./Src/main.o
 .debug_macro   0x0000bdd7       0x10 ./Src/main.o
 .debug_macro   0x0000bde7       0x40 ./Src/main.o
 .debug_macro   0x0000be27       0x6c ./Src/main.o
 .debug_macro   0x0000be93       0x16 ./Src/main.o
 .debug_macro   0x0000bea9      0x182 ./Src/main.o
 .debug_macro   0x0000c02b       0x50 ./Src/main.o
 .debug_macro   0x0000c07b      0x931 ./Src/main.o
 .debug_macro   0x0000c9ac      0x180 ./Src/main.o
 .debug_macro   0x0000cb2c      0x13a ./Src/main.o
 .debug_macro   0x0000cc66       0xdf ./Src/main.o
 .debug_macro   0x0000cd45      0x1e6 ./Src/main.o
 .debug_macro   0x0000cf2b       0x34 ./Src/main.o
 .debug_macro   0x0000cf5f       0x43 ./Src/main.o
 .debug_macro   0x0000cfa2       0x29 ./Src/main.o
 .debug_macro   0x0000cfcb       0xb6 ./Src/main.o
 .debug_macro   0x0000d081      0x199 ./Src/main.o
 .debug_macro   0x0000d21a      0x202 ./Src/main.o
 .debug_macro   0x0000d41c       0x43 ./Src/main.o
 .debug_macro   0x0000d45f       0x90 ./Src/main.o
 .debug_macro   0x0000d4ef       0x4d ./Src/main.o
 .debug_macro   0x0000d53c       0x2d ./Src/main.o
 .debug_macro   0x0000d569      0x2e2 ./Src/main.o
 .debug_macro   0x0000d84b      0x375 ./Src/main.o
 .debug_macro   0x0000dbc0      0x156 ./Src/main.o
 .debug_macro   0x0000dd16       0xf8 ./Src/main.o
 .debug_macro   0x0000de0e      0x2e8 ./Src/stm32f0xx_hal_msp.o
 .debug_macro   0x0000e0f6      0x2f2 ./Src/stm32f0xx_it.o
 .debug_macro   0x0000e3e8      0x30c ./Drivers/STM32F0xx_HAL_Driver/Src/stm32f0xx_hal.o
 .debug_macro   0x0000e6f4      0x2e8 ./Drivers/STM32F0xx_HAL_Driver/Src/stm32f0xx_hal_cortex.o
 .debug_macro   0x0000e9dc      0x321 ./Drivers/STM32F0xx_HAL_Driver/Src/stm32f0xx_hal_gpio.o
 .debug_macro   0x0000ecfd      0x2fa ./Drivers/STM32F0xx_HAL_Driver/Src/stm32f0xx_hal_rcc.o
 .debug_macro   0x0000eff7      0x2e8 ./Drivers/STM32F0xx_HAL_Driver/Src/stm32f0xx_hal_rcc_ex.o
 .debug_macro   0x0000f2df      0x2ef ./Drivers/STM32F0xx_HAL_Driver/Src/stm32f0xx_hal_spi.o
 .debug_macro   0x0000f5ce      0x2f7 ./Drivers/STM32F0xx_HAL_Driver/Src/stm32f0xx_hal_uart.o
 .debug_macro   0x0000f8c5      0x2e8 ./Drivers/CMSIS/Device/ST/STM32F0xx/Source/Templates/system_stm32f0xx.o

.debug_line     0x00000000     0x67f0
 .debug_line    0x00000000      0x898 ./Src/main.o
 .debug_line    0x00000898      0x73f ./Src/stm32f0xx_hal_msp.o
 .debug_line    0x00000fd7      0x747 ./Src/stm32f0xx_it.o
 .debug_line    0x0000171e      0x82c ./Drivers/STM32F0xx_HAL_Driver/Src/stm32f0xx_hal.o
 .debug_line    0x00001f4a      0x8b6 ./Drivers/STM32F0xx_HAL_Driver/Src/stm32f0xx_hal_cortex.o
 .debug_line    0x00002800      0x86a ./Drivers/STM32F0xx_HAL_Driver/Src/stm32f0xx_hal_gpio.o
 .debug_line    0x0000306a      0x944 ./Drivers/STM32F0xx_HAL_Driver/Src/stm32f0xx_hal_rcc.o
 .debug_line    0x000039ae      0x7bd ./Drivers/STM32F0xx_HAL_Driver/Src/stm32f0xx_hal_rcc_ex.o
 .debug_line    0x0000416b     0x1041 ./Drivers/STM32F0xx_HAL_Driver/Src/stm32f0xx_hal_spi.o
 .debug_line    0x000051ac      0xe31 ./Drivers/STM32F0xx_HAL_Driver/Src/stm32f0xx_hal_uart.o
 .debug_line    0x00005fdd       0xd2 ./Drivers/CMSIS/Device/ST/STM32F0xx/Source/Templates/gcc/startup_stm32f030x8.o
 .debug_line    0x000060af      0x741 ./Drivers/CMSIS/Device/ST/STM32F0xx/Source/Templates/system_stm32f0xx.o

.debug_str      0x00000000    0x5a321
 .debug_str     0x00000000    0x58cc8 ./Src/main.o
                              0x5900f (size before relaxing)
 .debug_str     0x00058cc8       0x98 ./Src/stm32f0xx_hal_msp.o
                              0x58e20 (size before relaxing)
 .debug_str     0x00058d60       0xa3 ./Src/stm32f0xx_it.o
                              0x58a64 (size before relaxing)
 .debug_str     0x00058e03      0x2d7 ./Drivers/STM32F0xx_HAL_Driver/Src/stm32f0xx_hal.o
                              0x58aae (size before relaxing)
 .debug_str     0x000590da      0x210 ./Drivers/STM32F0xx_HAL_Driver/Src/stm32f0xx_hal_cortex.o
                              0x589be (size before relaxing)
 .debug_str     0x000592ea      0x276 ./Drivers/STM32F0xx_HAL_Driver/Src/stm32f0xx_hal_gpio.o
                              0x588f8 (size before relaxing)
 .debug_str     0x00059560      0x26a ./Drivers/STM32F0xx_HAL_Driver/Src/stm32f0xx_hal_rcc.o
                              0x58a2b (size before relaxing)
 .debug_str     0x000597ca       0xd1 ./Drivers/STM32F0xx_HAL_Driver/Src/stm32f0xx_hal_rcc_ex.o
                              0x5875c (size before relaxing)
 .debug_str     0x0005989b      0x4f6 ./Drivers/STM32F0xx_HAL_Driver/Src/stm32f0xx_hal_spi.o
                              0x58e9c (size before relaxing)
 .debug_str     0x00059d91      0x4e7 ./Drivers/STM32F0xx_HAL_Driver/Src/stm32f0xx_hal_uart.o
                              0x58fbd (size before relaxing)
 .debug_str     0x0005a278       0xa9 ./Drivers/CMSIS/Device/ST/STM32F0xx/Source/Templates/system_stm32f0xx.o
                              0x58676 (size before relaxing)

.comment        0x00000000       0x6e
 .comment       0x00000000       0x6e ./Src/main.o
                                 0x6f (size before relaxing)
 .comment       0x0000006e       0x6f ./Src/stm32f0xx_hal_msp.o
 .comment       0x0000006e       0x6f ./Src/stm32f0xx_it.o
 .comment       0x0000006e       0x6f ./Drivers/STM32F0xx_HAL_Driver/Src/stm32f0xx_hal.o
 .comment       0x0000006e       0x6f ./Drivers/STM32F0xx_HAL_Driver/Src/stm32f0xx_hal_cortex.o
 .comment       0x0000006e       0x6f ./Drivers/STM32F0xx_HAL_Driver/Src/stm32f0xx_hal_gpio.o
 .comment       0x0000006e       0x6f ./Drivers/STM32F0xx_HAL_Driver/Src/stm32f0xx_hal_rcc.o
 .comment       0x0000006e       0x6f ./Drivers/STM32F0xx_HAL_Driver/Src/stm32f0xx_hal_rcc_ex.o
 .comment       0x0000006e       0x6f ./Drivers/STM32F0xx_HAL_Driver/Src/stm32f0xx_hal_spi.o
 .comment       0x0000006e       0x6f ./Drivers/STM32F0xx_HAL_Driver/Src/stm32f0xx_hal_uart.o
 .comment       0x0000006e       0x6f ./Drivers/CMSIS/Device/ST/STM32F0xx/Source/Templates/system_stm32f0xx.o

.debug_frame    0x00000000     0x1720
 .debug_frame   0x00000000       0xc4 ./Src/main.o
 .debug_frame   0x000000c4       0xb0 ./Src/stm32f0xx_hal_msp.o
 .debug_frame   0x00000174       0xb8 ./Src/stm32f0xx_it.o
 .debug_frame   0x0000022c      0x1f4 ./Drivers/STM32F0xx_HAL_Driver/Src/stm32f0xx_hal.o
 .debug_frame   0x00000420      0x2a4 ./Drivers/STM32F0xx_HAL_Driver/Src/stm32f0xx_hal_cortex.o
 .debug_frame   0x000006c4      0x110 ./Drivers/STM32F0xx_HAL_Driver/Src/stm32f0xx_hal_gpio.o
 .debug_frame   0x000007d4      0x194 ./Drivers/STM32F0xx_HAL_Driver/Src/stm32f0xx_hal_rcc.o
 .debug_frame   0x00000968       0x70 ./Drivers/STM32F0xx_HAL_Driver/Src/stm32f0xx_hal_rcc_ex.o
 .debug_frame   0x000009d8      0x690 ./Drivers/STM32F0xx_HAL_Driver/Src/stm32f0xx_hal_spi.o
 .debug_frame   0x00001068      0x510 ./Drivers/STM32F0xx_HAL_Driver/Src/stm32f0xx_hal_uart.o
 .debug_frame   0x00001578       0x4c ./Drivers/CMSIS/Device/ST/STM32F0xx/Source/Templates/system_stm32f0xx.o
 .debug_frame   0x000015c4       0x20 c:/program files (x86)/gnu tools arm embedded/5.3 2016q1/bin/../lib/gcc/arm-none-eabi/5.3.1/armv6-m\libgcc.a(_udivsi3.o)
 .debug_frame   0x000015e4       0x2c c:/program files (x86)/gnu tools arm embedded/5.3 2016q1/bin/../lib/gcc/arm-none-eabi/5.3.1/../../../../arm-none-eabi/lib/armv6-m\libg.a(lib_a-init.o)
 .debug_frame   0x00001610       0x2c c:/program files (x86)/gnu tools arm embedded/5.3 2016q1/bin/../lib/gcc/arm-none-eabi/5.3.1/../../../../arm-none-eabi/lib/armv6-m\libg.a(lib_a-memcpy-stub.o)
 .debug_frame   0x0000163c       0x54 c:/program files (x86)/gnu tools arm embedded/5.3 2016q1/bin/../lib/gcc/arm-none-eabi/5.3.1/../../../../arm-none-eabi/lib/armv6-m\libg.a(lib_a-__call_atexit.o)
 .debug_frame   0x00001690       0x28 c:/program files (x86)/gnu tools arm embedded/5.3 2016q1/bin/../lib/gcc/arm-none-eabi/5.3.1/../../../../arm-none-eabi/lib/armv6-m\libg.a(lib_a-atexit.o)
 .debug_frame   0x000016b8       0x2c c:/program files (x86)/gnu tools arm embedded/5.3 2016q1/bin/../lib/gcc/arm-none-eabi/5.3.1/../../../../arm-none-eabi/lib/armv6-m\libg.a(lib_a-fini.o)
 .debug_frame   0x000016e4       0x3c c:/program files (x86)/gnu tools arm embedded/5.3 2016q1/bin/../lib/gcc/arm-none-eabi/5.3.1/../../../../arm-none-eabi/lib/armv6-m\libg.a(lib_a-__atexit.o)
